../../examples/autoscale/bigiq/autoscale.yaml:
- No Key Diff
- No Value Diff
../../examples/autoscale/payg/autoscale.yaml:
- No Key Diff
- No Value Diff
../../examples/modules/access/access.yaml:
- No Key Diff
- No Value Diff
../../examples/modules/access/sample_linked.yaml:
- No Key Diff
- No Value Diff
../../examples/modules/application/application.yaml:
- No Key Diff
- No Value Diff
../../examples/modules/application/sample_linked.yaml:
- No Key Diff
- No Value Diff
../../examples/modules/bigip-autoscale/bigip-autoscale.yaml:
- No Key Diff
- No Value Diff
../../examples/modules/bigip-autoscale/sample_linked.yaml:
- No Key Diff
- No Value Diff
../../examples/modules/bigip-standalone/bigip-standalone.yaml:
- No Key Diff
- No Value Diff
../../examples/modules/bigip-standalone/sample_linked.yaml:
- No Key Diff
- No Value Diff
../../examples/modules/dag/dag.yaml:
- No Key Diff
- No Value Diff
../../examples/modules/dag/sample_linked.yaml:
- No Key Diff
- No Value Diff
../../examples/modules/function/function.yaml:
- No Key Diff
- No Value Diff
../../examples/modules/function/sample_linked.yaml:
- No Key Diff
- No Value Diff
../../examples/modules/network/network.yaml:
- No Key Diff
- No Value Diff
../../examples/modules/network/sample_linked.yaml:
- No Key Diff
- No Value Diff
../../examples/quickstart/quickstart.yaml:
- No Key Diff
- No Value Diff
